[2026-09-25T15:26:16.080+0000] {local_task_job_runner.py:120} INFO - ::group::Pre task execution logs
[2026-09-25T15:26:16.100+0000] {taskinstance.py:2076} INFO - Dependencies all met for dep_context=non-requeueable deps ti=<TaskInstance: day23_conditional_pipeline.wait_for_file manual__2026-09-25T15:26:12+00:00 [queued]>
[2026-09-25T15:26:16.105+0000] {taskinstance.py:2076} INFO - Dependencies all met for dep_context=requeueable deps ti=<TaskInstance: day23_conditional_pipeline.wait_for_file manual__2026-09-25T15:26:12+00:00 [queued]>
[2026-09-25T15:26:16.107+0000] {taskinstance.py:2306} INFO - Starting attempt 1 of 1
[2026-09-25T15:26:16.126+0000] {taskinstance.py:2330} INFO - Executing <Task(FileSensor): wait_for_file> on 2026-09-25 15:26:12+00:00
[2026-09-25T15:26:16.133+0000] {standard_task_runner.py:64} INFO - Started process 126 to run task
[2026-09-25T15:26:16.135+0000] {standard_task_runner.py:90} INFO - Running: ['airflow', 'tasks', 'run', 'day23_conditional_pipeline', 'wait_for_file', 'manual__2026-09-25T15:26:12+00:00', '--job-id', '7', '--raw', '--subdir', 'DAGS_FOLDER/day23_conditional_pipeline.py', '--cfg-path', '/tmp/tmpjsfrxjzf']
[2026-09-25T15:26:16.137+0000] {standard_task_runner.py:91} INFO - Job 7: Subtask wait_for_file
[2026-09-25T15:26:16.176+0000] {task_command.py:426} INFO - Running <TaskInstance: day23_conditional_pipeline.wait_for_file manual__2026-09-25T15:26:12+00:00 [running]> on host 9332498438c7
[2026-09-25T15:26:16.248+0000] {taskinstance.py:2648} INFO - Exporting env vars: AIRFLOW_CTX_DAG_OWNER='airflow' AIRFLOW_CTX_DAG_ID='day23_conditional_pipeline' AIRFLOW_CTX_TASK_ID='wait_for_file' AIRFLOW_CTX_EXECUTION_DATE='2026-09-25T15:26:12+00:00' AIRFLOW_CTX_TRY_NUMBER='1' AIRFLOW_CTX_DAG_RUN_ID='manual__2026-09-25T15:26:12+00:00'
[2026-09-25T15:26:16.249+0000] {taskinstance.py:430} INFO - ::endgroup::
[2026-09-25T15:26:16.260+0000] {baseoperator.py:400} WARNING - FileSensor.execute cannot be called outside TaskInstance!
[2026-09-25T15:26:16.266+0000] {base.py:84} INFO - Using connection ID 'fs_default' for task execution.
[2026-09-25T15:26:16.267+0000] {filesystem.py:85} INFO - Poking for file /opt/airflow/data/incoming/orders.csv
[2026-09-25T15:26:21.269+0000] {filesystem.py:85} INFO - Poking for file /opt/airflow/data/incoming/orders.csv
[2026-09-25T15:26:26.271+0000] {filesystem.py:85} INFO - Poking for file /opt/airflow/data/incoming/orders.csv
[2026-09-25T15:26:26.277+0000] {filesystem.py:89} INFO - Found File /opt/airflow/data/incoming/orders.csv last modified: 20260925152623
[2026-09-25T15:26:26.278+0000] {base.py:294} INFO - Success criteria met. Exiting.
[2026-09-25T15:26:26.279+0000] {filesystem.py:85} INFO - Poking for file /opt/airflow/data/incoming/orders.csv
[2026-09-25T15:26:26.284+0000] {filesystem.py:89} INFO - Found File /opt/airflow/data/incoming/orders.csv last modified: 20260925152623
[2026-09-25T15:26:26.284+0000] {taskinstance.py:441} INFO - ::group::Post task execution logs
[2026-09-25T15:26:26.425+0000] {taskinstance.py:1206} INFO - Marking task as SUCCESS. dag_id=day23_conditional_pipeline, task_id=wait_for_file, run_id=manual__2026-09-25T15:26:12+00:00, execution_date=20260925T152612, start_date=20260925T152616, end_date=20260925T152626
[2026-09-25T15:26:26.518+0000] {local_task_job_runner.py:243} INFO - Task exited with return code 0
[2026-09-25T15:26:26.537+0000] {taskinstance.py:3503} INFO - 1 downstream tasks scheduled from follow-on schedule check
[2026-09-25T15:26:26.548+0000] {local_task_job_runner.py:222} INFO - ::endgroup::
