[2026-09-25T14:30:23.134+0000] {local_task_job_runner.py:120} INFO - ::group::Pre task execution logs
[2026-09-25T14:30:23.155+0000] {taskinstance.py:2076} INFO - Dependencies all met for dep_context=non-requeueable deps ti=<TaskInstance: day22_etl_pipeline.transform manual__2026-09-25T14:30:16+00:00 [queued]>
[2026-09-25T14:30:23.160+0000] {taskinstance.py:2076} INFO - Dependencies all met for dep_context=requeueable deps ti=<TaskInstance: day22_etl_pipeline.transform manual__2026-09-25T14:30:16+00:00 [queued]>
[2026-09-25T14:30:23.161+0000] {taskinstance.py:2306} INFO - Starting attempt 1 of 2
[2026-09-25T14:30:23.180+0000] {taskinstance.py:2330} INFO - Executing <Task(PythonOperator): transform> on 2026-09-25 14:30:16+00:00
[2026-09-25T14:30:23.189+0000] {standard_task_runner.py:64} INFO - Started process 87 to run task
[2026-09-25T14:30:23.193+0000] {standard_task_runner.py:90} INFO - Running: ['airflow', 'tasks', 'run', 'day22_etl_pipeline', 'transform', 'manual__2026-09-25T14:30:16+00:00', '--job-id', '4', '--raw', '--subdir', 'DAGS_FOLDER/day22_etl_pipeline.py', '--cfg-path', '/tmp/tmp10bxe_y_']
[2026-09-25T14:30:23.195+0000] {standard_task_runner.py:91} INFO - Job 4: Subtask transform
[2026-09-25T14:30:23.257+0000] {task_command.py:426} INFO - Running <TaskInstance: day22_etl_pipeline.transform manual__2026-09-25T14:30:16+00:00 [running]> on host 9694f1da42ba
[2026-09-25T14:30:23.333+0000] {taskinstance.py:2648} INFO - Exporting env vars: AIRFLOW_CTX_DAG_OWNER='anil' AIRFLOW_CTX_DAG_ID='day22_etl_pipeline' AIRFLOW_CTX_TASK_ID='transform' AIRFLOW_CTX_EXECUTION_DATE='2026-09-25T14:30:16+00:00' AIRFLOW_CTX_TRY_NUMBER='1' AIRFLOW_CTX_DAG_RUN_ID='manual__2026-09-25T14:30:16+00:00'
[2026-09-25T14:30:23.334+0000] {taskinstance.py:430} INFO - ::endgroup::
[2026-09-25T14:30:23.350+0000] {taskinstance.py:441} INFO - ::group::Post task execution logs
[2026-09-25T14:30:23.351+0000] {taskinstance.py:2905} ERROR - Task failed with exception
Traceback (most recent call last):
  File "/home/airflow/.local/lib/python3.12/site-packages/airflow/models/taskinstance.py", line 465, in _execute_task
    result = _execute_callable(context=context, **execute_callable_kwargs)
             ^^^^^^^^^^^^^^^^^^^^^^^^^^^^^^^^^^^^^^^^^^^^^^^^^^^^^^^^^^^^^
  File "/home/airflow/.local/lib/python3.12/site-packages/airflow/models/taskinstance.py", line 432, in _execute_callable
    return execute_callable(context=context, **execute_callable_kwargs)
           ^^^^^^^^^^^^^^^^^^^^^^^^^^^^^^^^^^^^^^^^^^^^^^^^^^^^^^^^^^^^
  File "/home/airflow/.local/lib/python3.12/site-packages/airflow/models/baseoperator.py", line 401, in wrapper
    return func(self, *args, **kwargs)
           ^^^^^^^^^^^^^^^^^^^^^^^^^^^
  File "/home/airflow/.local/lib/python3.12/site-packages/airflow/operators/python.py", line 235, in execute
    return_value = self.execute_callable()
                   ^^^^^^^^^^^^^^^^^^^^^^^
  File "/home/airflow/.local/lib/python3.12/site-packages/airflow/operators/python.py", line 252, in execute_callable
    return self.python_callable(*self.op_args, **self.op_kwargs)
           ^^^^^^^^^^^^^^^^^^^^^^^^^^^^^^^^^^^^^^^^^^^^^^^^^^^^^
  File "/opt/airflow/dags/day22_etl_pipeline.py", line 30, in transform
    raise RuntimeError("Simulated transient failure on first attempt")
RuntimeError: Simulated transient failure on first attempt
[2026-09-25T14:30:23.494+0000] {taskinstance.py:1206} INFO - Marking task as UP_FOR_RETRY. dag_id=day22_etl_pipeline, task_id=transform, run_id=manual__2026-09-25T14:30:16+00:00, execution_date=20260925T143016, start_date=20260925T143023, end_date=20260925T143023
[2026-09-25T14:30:23.613+0000] {standard_task_runner.py:110} ERROR - Failed to execute job 4 for task transform (Simulated transient failure on first attempt; 87)
[2026-09-25T14:30:23.648+0000] {local_task_job_runner.py:243} INFO - Task exited with return code 1
[2026-09-25T14:30:23.664+0000] {taskinstance.py:3503} INFO - 0 downstream tasks scheduled from follow-on schedule check
[2026-09-25T14:30:23.666+0000] {local_task_job_runner.py:222} INFO - ::endgroup::
