[2026-09-25T15:24:13.167+0000] {local_task_job_runner.py:120} INFO - ::group::Pre task execution logs
[2026-09-25T15:24:13.190+0000] {taskinstance.py:2076} INFO - Dependencies all met for dep_context=non-requeueable deps ti=<TaskInstance: day23_conditional_pipeline.check_quality manual__2026-09-25T15:23:09+00:00 [queued]>
[2026-09-25T15:24:13.197+0000] {taskinstance.py:2076} INFO - Dependencies all met for dep_context=requeueable deps ti=<TaskInstance: day23_conditional_pipeline.check_quality manual__2026-09-25T15:23:09+00:00 [queued]>
[2026-09-25T15:24:13.198+0000] {taskinstance.py:2306} INFO - Starting attempt 1 of 1
[2026-09-25T15:24:13.220+0000] {taskinstance.py:2330} INFO - Executing <Task(BranchPythonOperator): check_quality> on 2026-09-25 15:23:09+00:00
[2026-09-25T15:24:13.240+0000] {standard_task_runner.py:64} INFO - Started process 94 to run task
[2026-09-25T15:24:13.241+0000] {standard_task_runner.py:90} INFO - Running: ['airflow', 'tasks', 'run', 'day23_conditional_pipeline', 'check_quality', 'manual__2026-09-25T15:23:09+00:00', '--job-id', '4', '--raw', '--subdir', 'DAGS_FOLDER/day23_conditional_pipeline.py', '--cfg-path', '/tmp/tmp17vkr6t9']
[2026-09-25T15:24:13.244+0000] {standard_task_runner.py:91} INFO - Job 4: Subtask check_quality
[2026-09-25T15:24:13.293+0000] {task_command.py:426} INFO - Running <TaskInstance: day23_conditional_pipeline.check_quality manual__2026-09-25T15:23:09+00:00 [running]> on host 9332498438c7
[2026-09-25T15:24:13.358+0000] {taskinstance.py:2648} INFO - Exporting env vars: AIRFLOW_CTX_DAG_OWNER='airflow' AIRFLOW_CTX_DAG_ID='day23_conditional_pipeline' AIRFLOW_CTX_TASK_ID='check_quality' AIRFLOW_CTX_EXECUTION_DATE='2026-09-25T15:23:09+00:00' AIRFLOW_CTX_TRY_NUMBER='1' AIRFLOW_CTX_DAG_RUN_ID='manual__2026-09-25T15:23:09+00:00'
[2026-09-25T15:24:13.360+0000] {taskinstance.py:430} INFO - ::endgroup::
[2026-09-25T15:24:13.372+0000] {baseoperator.py:400} WARNING - BranchPythonOperator.execute cannot be called outside TaskInstance!
[2026-09-25T15:24:13.394+0000] {python.py:237} INFO - Done. Returned value was: quarantine_bad_data
[2026-09-25T15:24:13.395+0000] {branch.py:36} INFO - Branch into quarantine_bad_data
[2026-09-25T15:24:13.396+0000] {skipmixin.py:178} INFO - Following branch quarantine_bad_data
[2026-09-25T15:24:13.748+0000] {skipmixin.py:246} INFO - Skipping tasks [('process_good_data', -1)]
[2026-09-25T15:24:13.777+0000] {taskinstance.py:441} INFO - ::group::Post task execution logs
[2026-09-25T15:24:13.794+0000] {taskinstance.py:1206} INFO - Marking task as SUCCESS. dag_id=day23_conditional_pipeline, task_id=check_quality, run_id=manual__2026-09-25T15:23:09+00:00, execution_date=20260925T152309, start_date=20260925T152413, end_date=20260925T152413
[2026-09-25T15:24:13.860+0000] {local_task_job_runner.py:243} INFO - Task exited with return code 0
[2026-09-25T15:24:13.895+0000] {taskinstance.py:3503} INFO - 1 downstream tasks scheduled from follow-on schedule check
[2026-09-25T15:24:13.910+0000] {local_task_job_runner.py:222} INFO - ::endgroup::
