[2026-09-25T15:40:22.703+0000] {processor.py:161} INFO - Started process (PID=100) to work on /opt/airflow/dags/day24_dynamic_mapping.py
[2026-09-25T15:40:22.708+0000] {processor.py:830} INFO - Processing file /opt/airflow/dags/day24_dynamic_mapping.py for tasks to queue
[2026-09-25T15:40:22.769+0000] {logging_mixin.py:188} INFO - [2026-09-25T15:40:22.760+0000] {dagbag.py:545} INFO - Filling up the DagBag from /opt/airflow/dags/day24_dynamic_mapping.py
[2026-09-25T15:40:22.924+0000] {processor.py:840} INFO - DAG(s) 'day24_dynamic_mapping' retrieved from /opt/airflow/dags/day24_dynamic_mapping.py
[2026-09-25T15:40:23.752+0000] {logging_mixin.py:188} INFO - [2026-09-25T15:40:23.750+0000] {override.py:1858} INFO - Created Permission View: can read on DAG:day24_dynamic_mapping
[2026-09-25T15:40:23.778+0000] {logging_mixin.py:188} INFO - [2026-09-25T15:40:23.777+0000] {override.py:1858} INFO - Created Permission View: can edit on DAG:day24_dynamic_mapping
[2026-09-25T15:40:23.793+0000] {logging_mixin.py:188} INFO - [2026-09-25T15:40:23.792+0000] {override.py:1858} INFO - Created Permission View: can delete on DAG:day24_dynamic_mapping
[2026-09-25T15:40:23.795+0000] {logging_mixin.py:188} INFO - [2026-09-25T15:40:23.795+0000] {dag.py:3089} INFO - Sync 1 DAGs
[2026-09-25T15:40:23.837+0000] {logging_mixin.py:188} INFO - [2026-09-25T15:40:23.837+0000] {dag.py:3111} INFO - Creating ORM DAG for day24_dynamic_mapping
[2026-09-25T15:40:23.843+0000] {logging_mixin.py:188} INFO - [2026-09-25T15:40:23.843+0000] {dag.py:3947} INFO - Setting next_dagrun for day24_dynamic_mapping to None, run_after=None
[2026-09-25T15:40:23.884+0000] {processor.py:183} INFO - Processing /opt/airflow/dags/day24_dynamic_mapping.py took 1.264 seconds
[2026-09-25T15:40:54.079+0000] {processor.py:161} INFO - Started process (PID=101) to work on /opt/airflow/dags/day24_dynamic_mapping.py
[2026-09-25T15:40:54.081+0000] {processor.py:830} INFO - Processing file /opt/airflow/dags/day24_dynamic_mapping.py for tasks to queue
[2026-09-25T15:40:54.083+0000] {logging_mixin.py:188} INFO - [2026-09-25T15:40:54.083+0000] {dagbag.py:545} INFO - Filling up the DagBag from /opt/airflow/dags/day24_dynamic_mapping.py
[2026-09-25T15:40:54.103+0000] {processor.py:840} INFO - DAG(s) 'day24_dynamic_mapping' retrieved from /opt/airflow/dags/day24_dynamic_mapping.py
[2026-09-25T15:40:54.132+0000] {logging_mixin.py:188} INFO - [2026-09-25T15:40:54.132+0000] {dag.py:3089} INFO - Sync 1 DAGs
[2026-09-25T15:40:54.146+0000] {logging_mixin.py:188} INFO - [2026-09-25T15:40:54.146+0000] {dag.py:3947} INFO - Setting next_dagrun for day24_dynamic_mapping to None, run_after=None
[2026-09-25T15:40:54.177+0000] {processor.py:183} INFO - Processing /opt/airflow/dags/day24_dynamic_mapping.py took 0.103 seconds
[2026-09-25T15:41:24.362+0000] {processor.py:161} INFO - Started process (PID=109) to work on /opt/airflow/dags/day24_dynamic_mapping.py
[2026-09-25T15:41:24.398+0000] {processor.py:830} INFO - Processing file /opt/airflow/dags/day24_dynamic_mapping.py for tasks to queue
[2026-09-25T15:41:24.401+0000] {logging_mixin.py:188} INFO - [2026-09-25T15:41:24.401+0000] {dagbag.py:545} INFO - Filling up the DagBag from /opt/airflow/dags/day24_dynamic_mapping.py
[2026-09-25T15:41:24.424+0000] {processor.py:840} INFO - DAG(s) 'day24_dynamic_mapping' retrieved from /opt/airflow/dags/day24_dynamic_mapping.py
[2026-09-25T15:41:24.449+0000] {logging_mixin.py:188} INFO - [2026-09-25T15:41:24.449+0000] {dag.py:3089} INFO - Sync 1 DAGs
[2026-09-25T15:41:24.460+0000] {logging_mixin.py:188} INFO - [2026-09-25T15:41:24.460+0000] {dag.py:3947} INFO - Setting next_dagrun for day24_dynamic_mapping to None, run_after=None
[2026-09-25T15:41:24.492+0000] {processor.py:183} INFO - Processing /opt/airflow/dags/day24_dynamic_mapping.py took 0.135 seconds
[2026-09-25T15:41:54.625+0000] {processor.py:161} INFO - Started process (PID=110) to work on /opt/airflow/dags/day24_dynamic_mapping.py
[2026-09-25T15:41:54.627+0000] {processor.py:830} INFO - Processing file /opt/airflow/dags/day24_dynamic_mapping.py for tasks to queue
[2026-09-25T15:41:54.629+0000] {logging_mixin.py:188} INFO - [2026-09-25T15:41:54.629+0000] {dagbag.py:545} INFO - Filling up the DagBag from /opt/airflow/dags/day24_dynamic_mapping.py
[2026-09-25T15:41:54.649+0000] {processor.py:840} INFO - DAG(s) 'day24_dynamic_mapping' retrieved from /opt/airflow/dags/day24_dynamic_mapping.py
[2026-09-25T15:41:54.672+0000] {logging_mixin.py:188} INFO - [2026-09-25T15:41:54.672+0000] {dag.py:3089} INFO - Sync 1 DAGs
[2026-09-25T15:41:54.682+0000] {logging_mixin.py:188} INFO - [2026-09-25T15:41:54.682+0000] {dag.py:3947} INFO - Setting next_dagrun for day24_dynamic_mapping to None, run_after=None
[2026-09-25T15:41:54.710+0000] {processor.py:183} INFO - Processing /opt/airflow/dags/day24_dynamic_mapping.py took 0.090 seconds
[2026-09-25T15:42:19.619+0000] {processor.py:161} INFO - Started process (PID=31) to work on /opt/airflow/dags/day24_dynamic_mapping.py
[2026-09-25T15:42:19.625+0000] {processor.py:830} INFO - Processing file /opt/airflow/dags/day24_dynamic_mapping.py for tasks to queue
[2026-09-25T15:42:19.643+0000] {logging_mixin.py:188} INFO - [2026-09-25T15:42:19.641+0000] {dagbag.py:545} INFO - Filling up the DagBag from /opt/airflow/dags/day24_dynamic_mapping.py
[2026-09-25T15:42:19.756+0000] {processor.py:840} INFO - DAG(s) 'day24_dynamic_mapping' retrieved from /opt/airflow/dags/day24_dynamic_mapping.py
[2026-09-25T15:42:19.807+0000] {logging_mixin.py:188} INFO - [2026-09-25T15:42:19.806+0000] {dag.py:3089} INFO - Sync 1 DAGs
[2026-09-25T15:42:19.851+0000] {logging_mixin.py:188} INFO - [2026-09-25T15:42:19.851+0000] {dag.py:3947} INFO - Setting next_dagrun for day24_dynamic_mapping to None, run_after=None
[2026-09-25T15:42:19.923+0000] {processor.py:183} INFO - Processing /opt/airflow/dags/day24_dynamic_mapping.py took 0.376 seconds
[2026-09-25T15:42:50.423+0000] {processor.py:161} INFO - Started process (PID=58) to work on /opt/airflow/dags/day24_dynamic_mapping.py
[2026-09-25T15:42:50.427+0000] {processor.py:830} INFO - Processing file /opt/airflow/dags/day24_dynamic_mapping.py for tasks to queue
[2026-09-25T15:42:50.433+0000] {logging_mixin.py:188} INFO - [2026-09-25T15:42:50.432+0000] {dagbag.py:545} INFO - Filling up the DagBag from /opt/airflow/dags/day24_dynamic_mapping.py
[2026-09-25T15:42:50.463+0000] {processor.py:840} INFO - DAG(s) 'day24_dynamic_mapping' retrieved from /opt/airflow/dags/day24_dynamic_mapping.py
[2026-09-25T15:42:50.590+0000] {logging_mixin.py:188} INFO - [2026-09-25T15:42:50.590+0000] {dag.py:3089} INFO - Sync 1 DAGs
[2026-09-25T15:42:50.601+0000] {logging_mixin.py:188} INFO - [2026-09-25T15:42:50.600+0000] {dag.py:3947} INFO - Setting next_dagrun for day24_dynamic_mapping to None, run_after=None
[2026-09-25T15:42:50.634+0000] {processor.py:183} INFO - Processing /opt/airflow/dags/day24_dynamic_mapping.py took 0.231 seconds
[2026-09-25T15:43:21.373+0000] {processor.py:161} INFO - Started process (PID=82) to work on /opt/airflow/dags/day24_dynamic_mapping.py
[2026-09-25T15:43:21.375+0000] {processor.py:830} INFO - Processing file /opt/airflow/dags/day24_dynamic_mapping.py for tasks to queue
[2026-09-25T15:43:21.377+0000] {logging_mixin.py:188} INFO - [2026-09-25T15:43:21.376+0000] {dagbag.py:545} INFO - Filling up the DagBag from /opt/airflow/dags/day24_dynamic_mapping.py
[2026-09-25T15:43:21.397+0000] {processor.py:840} INFO - DAG(s) 'day24_dynamic_mapping' retrieved from /opt/airflow/dags/day24_dynamic_mapping.py
[2026-09-25T15:43:21.424+0000] {logging_mixin.py:188} INFO - [2026-09-25T15:43:21.423+0000] {dag.py:3089} INFO - Sync 1 DAGs
[2026-09-25T15:43:21.435+0000] {logging_mixin.py:188} INFO - [2026-09-25T15:43:21.434+0000] {dag.py:3947} INFO - Setting next_dagrun for day24_dynamic_mapping to None, run_after=None
[2026-09-25T15:43:21.470+0000] {processor.py:183} INFO - Processing /opt/airflow/dags/day24_dynamic_mapping.py took 0.101 seconds
[2026-09-25T15:43:52.442+0000] {processor.py:161} INFO - Started process (PID=89) to work on /opt/airflow/dags/day24_dynamic_mapping.py
[2026-09-25T15:43:52.444+0000] {processor.py:830} INFO - Processing file /opt/airflow/dags/day24_dynamic_mapping.py for tasks to queue
[2026-09-25T15:43:52.445+0000] {logging_mixin.py:188} INFO - [2026-09-25T15:43:52.445+0000] {dagbag.py:545} INFO - Filling up the DagBag from /opt/airflow/dags/day24_dynamic_mapping.py
[2026-09-25T15:43:52.462+0000] {processor.py:840} INFO - DAG(s) 'day24_dynamic_mapping' retrieved from /opt/airflow/dags/day24_dynamic_mapping.py
[2026-09-25T15:43:52.489+0000] {logging_mixin.py:188} INFO - [2026-09-25T15:43:52.488+0000] {dag.py:3089} INFO - Sync 1 DAGs
[2026-09-25T15:43:52.500+0000] {logging_mixin.py:188} INFO - [2026-09-25T15:43:52.500+0000] {dag.py:3947} INFO - Setting next_dagrun for day24_dynamic_mapping to None, run_after=None
[2026-09-25T15:43:52.529+0000] {processor.py:183} INFO - Processing /opt/airflow/dags/day24_dynamic_mapping.py took 0.091 seconds
[2026-09-25T15:44:23.155+0000] {processor.py:161} INFO - Started process (PID=90) to work on /opt/airflow/dags/day24_dynamic_mapping.py
[2026-09-25T15:44:23.157+0000] {processor.py:830} INFO - Processing file /opt/airflow/dags/day24_dynamic_mapping.py for tasks to queue
[2026-09-25T15:44:23.159+0000] {logging_mixin.py:188} INFO - [2026-09-25T15:44:23.158+0000] {dagbag.py:545} INFO - Filling up the DagBag from /opt/airflow/dags/day24_dynamic_mapping.py
[2026-09-25T15:44:23.175+0000] {processor.py:840} INFO - DAG(s) 'day24_dynamic_mapping' retrieved from /opt/airflow/dags/day24_dynamic_mapping.py
[2026-09-25T15:44:23.200+0000] {logging_mixin.py:188} INFO - [2026-09-25T15:44:23.199+0000] {dag.py:3089} INFO - Sync 1 DAGs
[2026-09-25T15:44:23.211+0000] {logging_mixin.py:188} INFO - [2026-09-25T15:44:23.211+0000] {dag.py:3947} INFO - Setting next_dagrun for day24_dynamic_mapping to None, run_after=None
[2026-09-25T15:44:23.239+0000] {processor.py:183} INFO - Processing /opt/airflow/dags/day24_dynamic_mapping.py took 0.088 seconds
[2026-09-25T15:44:53.333+0000] {processor.py:161} INFO - Started process (PID=98) to work on /opt/airflow/dags/day24_dynamic_mapping.py
[2026-09-25T15:44:53.334+0000] {processor.py:830} INFO - Processing file /opt/airflow/dags/day24_dynamic_mapping.py for tasks to queue
[2026-09-25T15:44:53.336+0000] {logging_mixin.py:188} INFO - [2026-09-25T15:44:53.336+0000] {dagbag.py:545} INFO - Filling up the DagBag from /opt/airflow/dags/day24_dynamic_mapping.py
[2026-09-25T15:44:53.355+0000] {processor.py:840} INFO - DAG(s) 'day24_dynamic_mapping' retrieved from /opt/airflow/dags/day24_dynamic_mapping.py
[2026-09-25T15:44:53.384+0000] {logging_mixin.py:188} INFO - [2026-09-25T15:44:53.384+0000] {dag.py:3089} INFO - Sync 1 DAGs
[2026-09-25T15:44:53.396+0000] {logging_mixin.py:188} INFO - [2026-09-25T15:44:53.396+0000] {dag.py:3947} INFO - Setting next_dagrun for day24_dynamic_mapping to None, run_after=None
[2026-09-25T15:44:53.423+0000] {processor.py:183} INFO - Processing /opt/airflow/dags/day24_dynamic_mapping.py took 0.096 seconds
[2026-09-25T15:45:23.604+0000] {processor.py:161} INFO - Started process (PID=99) to work on /opt/airflow/dags/day24_dynamic_mapping.py
[2026-09-25T15:45:23.605+0000] {processor.py:830} INFO - Processing file /opt/airflow/dags/day24_dynamic_mapping.py for tasks to queue
[2026-09-25T15:45:23.607+0000] {logging_mixin.py:188} INFO - [2026-09-25T15:45:23.607+0000] {dagbag.py:545} INFO - Filling up the DagBag from /opt/airflow/dags/day24_dynamic_mapping.py
[2026-09-25T15:45:23.625+0000] {processor.py:840} INFO - DAG(s) 'day24_dynamic_mapping' retrieved from /opt/airflow/dags/day24_dynamic_mapping.py
[2026-09-25T15:45:23.650+0000] {logging_mixin.py:188} INFO - [2026-09-25T15:45:23.650+0000] {dag.py:3089} INFO - Sync 1 DAGs
[2026-09-25T15:45:23.663+0000] {logging_mixin.py:188} INFO - [2026-09-25T15:45:23.663+0000] {dag.py:3947} INFO - Setting next_dagrun for day24_dynamic_mapping to None, run_after=None
[2026-09-25T15:45:23.705+0000] {processor.py:183} INFO - Processing /opt/airflow/dags/day24_dynamic_mapping.py took 0.106 seconds
[2026-09-25T15:45:53.884+0000] {processor.py:161} INFO - Started process (PID=100) to work on /opt/airflow/dags/day24_dynamic_mapping.py
[2026-09-25T15:45:53.886+0000] {processor.py:830} INFO - Processing file /opt/airflow/dags/day24_dynamic_mapping.py for tasks to queue
[2026-09-25T15:45:53.888+0000] {logging_mixin.py:188} INFO - [2026-09-25T15:45:53.888+0000] {dagbag.py:545} INFO - Filling up the DagBag from /opt/airflow/dags/day24_dynamic_mapping.py
[2026-09-25T15:45:53.907+0000] {processor.py:840} INFO - DAG(s) 'day24_dynamic_mapping' retrieved from /opt/airflow/dags/day24_dynamic_mapping.py
[2026-09-25T15:45:53.934+0000] {logging_mixin.py:188} INFO - [2026-09-25T15:45:53.933+0000] {dag.py:3089} INFO - Sync 1 DAGs
[2026-09-25T15:45:53.949+0000] {logging_mixin.py:188} INFO - [2026-09-25T15:45:53.948+0000] {dag.py:3947} INFO - Setting next_dagrun for day24_dynamic_mapping to None, run_after=None
[2026-09-25T15:45:53.979+0000] {processor.py:183} INFO - Processing /opt/airflow/dags/day24_dynamic_mapping.py took 0.100 seconds
[2026-09-25T15:46:05.189+0000] {processor.py:161} INFO - Started process (PID=101) to work on /opt/airflow/dags/day24_dynamic_mapping.py
[2026-09-25T15:46:05.191+0000] {processor.py:830} INFO - Processing file /opt/airflow/dags/day24_dynamic_mapping.py for tasks to queue
[2026-09-25T15:46:05.192+0000] {logging_mixin.py:188} INFO - [2026-09-25T15:46:05.192+0000] {dagbag.py:545} INFO - Filling up the DagBag from /opt/airflow/dags/day24_dynamic_mapping.py
[2026-09-25T15:46:05.218+0000] {processor.py:840} INFO - DAG(s) 'day24_dynamic_mapping' retrieved from /opt/airflow/dags/day24_dynamic_mapping.py
[2026-09-25T15:46:05.242+0000] {logging_mixin.py:188} INFO - [2026-09-25T15:46:05.242+0000] {dag.py:3089} INFO - Sync 1 DAGs
[2026-09-25T15:46:05.254+0000] {logging_mixin.py:188} INFO - [2026-09-25T15:46:05.253+0000] {dag.py:3947} INFO - Setting next_dagrun for day24_dynamic_mapping to None, run_after=None
[2026-09-25T15:46:05.287+0000] {processor.py:183} INFO - Processing /opt/airflow/dags/day24_dynamic_mapping.py took 0.102 seconds
[2026-09-25T15:46:34.017+0000] {processor.py:161} INFO - Started process (PID=31) to work on /opt/airflow/dags/day24_dynamic_mapping.py
[2026-09-25T15:46:34.032+0000] {processor.py:830} INFO - Processing file /opt/airflow/dags/day24_dynamic_mapping.py for tasks to queue
[2026-09-25T15:46:34.047+0000] {logging_mixin.py:188} INFO - [2026-09-25T15:46:34.042+0000] {dagbag.py:545} INFO - Filling up the DagBag from /opt/airflow/dags/day24_dynamic_mapping.py
[2026-09-25T15:46:35.006+0000] {processor.py:840} INFO - DAG(s) 'day24_dynamic_mapping' retrieved from /opt/airflow/dags/day24_dynamic_mapping.py
[2026-09-25T15:46:35.088+0000] {logging_mixin.py:188} INFO - [2026-09-25T15:46:35.088+0000] {dag.py:3089} INFO - Sync 1 DAGs
[2026-09-25T15:46:35.143+0000] {logging_mixin.py:188} INFO - [2026-09-25T15:46:35.143+0000] {dag.py:3947} INFO - Setting next_dagrun for day24_dynamic_mapping to None, run_after=None
[2026-09-25T15:46:35.210+0000] {processor.py:183} INFO - Processing /opt/airflow/dags/day24_dynamic_mapping.py took 1.265 seconds
[2026-09-25T15:47:07.142+0000] {processor.py:161} INFO - Started process (PID=46) to work on /opt/airflow/dags/day24_dynamic_mapping.py
[2026-09-25T15:47:07.144+0000] {processor.py:830} INFO - Processing file /opt/airflow/dags/day24_dynamic_mapping.py for tasks to queue
[2026-09-25T15:47:07.146+0000] {logging_mixin.py:188} INFO - [2026-09-25T15:47:07.146+0000] {dagbag.py:545} INFO - Filling up the DagBag from /opt/airflow/dags/day24_dynamic_mapping.py
[2026-09-25T15:47:07.162+0000] {processor.py:840} INFO - DAG(s) 'day24_dynamic_mapping' retrieved from /opt/airflow/dags/day24_dynamic_mapping.py
[2026-09-25T15:47:07.252+0000] {logging_mixin.py:188} INFO - [2026-09-25T15:47:07.251+0000] {dag.py:3089} INFO - Sync 1 DAGs
[2026-09-25T15:47:07.260+0000] {logging_mixin.py:188} INFO - [2026-09-25T15:47:07.260+0000] {dag.py:3947} INFO - Setting next_dagrun for day24_dynamic_mapping to None, run_after=None
[2026-09-25T15:47:07.287+0000] {processor.py:183} INFO - Processing /opt/airflow/dags/day24_dynamic_mapping.py took 0.149 seconds
[2026-09-25T15:47:37.555+0000] {processor.py:161} INFO - Started process (PID=67) to work on /opt/airflow/dags/day24_dynamic_mapping.py
[2026-09-25T15:47:37.558+0000] {processor.py:830} INFO - Processing file /opt/airflow/dags/day24_dynamic_mapping.py for tasks to queue
[2026-09-25T15:47:37.560+0000] {logging_mixin.py:188} INFO - [2026-09-25T15:47:37.560+0000] {dagbag.py:545} INFO - Filling up the DagBag from /opt/airflow/dags/day24_dynamic_mapping.py
[2026-09-25T15:47:37.577+0000] {processor.py:840} INFO - DAG(s) 'day24_dynamic_mapping' retrieved from /opt/airflow/dags/day24_dynamic_mapping.py
[2026-09-25T15:47:37.603+0000] {logging_mixin.py:188} INFO - [2026-09-25T15:47:37.603+0000] {dag.py:3089} INFO - Sync 1 DAGs
[2026-09-25T15:47:37.614+0000] {logging_mixin.py:188} INFO - [2026-09-25T15:47:37.614+0000] {dag.py:3947} INFO - Setting next_dagrun for day24_dynamic_mapping to None, run_after=None
[2026-09-25T15:47:37.639+0000] {processor.py:183} INFO - Processing /opt/airflow/dags/day24_dynamic_mapping.py took 0.088 seconds
[2026-09-25T15:48:07.834+0000] {processor.py:161} INFO - Started process (PID=74) to work on /opt/airflow/dags/day24_dynamic_mapping.py
[2026-09-25T15:48:07.836+0000] {processor.py:830} INFO - Processing file /opt/airflow/dags/day24_dynamic_mapping.py for tasks to queue
[2026-09-25T15:48:07.838+0000] {logging_mixin.py:188} INFO - [2026-09-25T15:48:07.838+0000] {dagbag.py:545} INFO - Filling up the DagBag from /opt/airflow/dags/day24_dynamic_mapping.py
[2026-09-25T15:48:07.861+0000] {processor.py:840} INFO - DAG(s) 'day24_dynamic_mapping' retrieved from /opt/airflow/dags/day24_dynamic_mapping.py
[2026-09-25T15:48:07.893+0000] {logging_mixin.py:188} INFO - [2026-09-25T15:48:07.893+0000] {dag.py:3089} INFO - Sync 1 DAGs
[2026-09-25T15:48:07.909+0000] {logging_mixin.py:188} INFO - [2026-09-25T15:48:07.909+0000] {dag.py:3947} INFO - Setting next_dagrun for day24_dynamic_mapping to None, run_after=None
[2026-09-25T15:48:07.946+0000] {processor.py:183} INFO - Processing /opt/airflow/dags/day24_dynamic_mapping.py took 0.117 seconds
[2026-09-25T15:48:38.115+0000] {processor.py:161} INFO - Started process (PID=75) to work on /opt/airflow/dags/day24_dynamic_mapping.py
[2026-09-25T15:48:38.119+0000] {processor.py:830} INFO - Processing file /opt/airflow/dags/day24_dynamic_mapping.py for tasks to queue
[2026-09-25T15:48:38.122+0000] {logging_mixin.py:188} INFO - [2026-09-25T15:48:38.122+0000] {dagbag.py:545} INFO - Filling up the DagBag from /opt/airflow/dags/day24_dynamic_mapping.py
[2026-09-25T15:48:38.141+0000] {processor.py:840} INFO - DAG(s) 'day24_dynamic_mapping' retrieved from /opt/airflow/dags/day24_dynamic_mapping.py
[2026-09-25T15:48:38.171+0000] {logging_mixin.py:188} INFO - [2026-09-25T15:48:38.171+0000] {dag.py:3089} INFO - Sync 1 DAGs
[2026-09-25T15:48:38.182+0000] {logging_mixin.py:188} INFO - [2026-09-25T15:48:38.181+0000] {dag.py:3947} INFO - Setting next_dagrun for day24_dynamic_mapping to None, run_after=None
[2026-09-25T15:48:38.209+0000] {processor.py:183} INFO - Processing /opt/airflow/dags/day24_dynamic_mapping.py took 0.100 seconds
[2026-09-25T15:49:08.384+0000] {processor.py:161} INFO - Started process (PID=76) to work on /opt/airflow/dags/day24_dynamic_mapping.py
[2026-09-25T15:49:08.386+0000] {processor.py:830} INFO - Processing file /opt/airflow/dags/day24_dynamic_mapping.py for tasks to queue
[2026-09-25T15:49:08.388+0000] {logging_mixin.py:188} INFO - [2026-09-25T15:49:08.387+0000] {dagbag.py:545} INFO - Filling up the DagBag from /opt/airflow/dags/day24_dynamic_mapping.py
[2026-09-25T15:49:08.407+0000] {processor.py:840} INFO - DAG(s) 'day24_dynamic_mapping' retrieved from /opt/airflow/dags/day24_dynamic_mapping.py
[2026-09-25T15:49:08.432+0000] {logging_mixin.py:188} INFO - [2026-09-25T15:49:08.431+0000] {dag.py:3089} INFO - Sync 1 DAGs
[2026-09-25T15:49:08.444+0000] {logging_mixin.py:188} INFO - [2026-09-25T15:49:08.444+0000] {dag.py:3947} INFO - Setting next_dagrun for day24_dynamic_mapping to None, run_after=None
[2026-09-25T15:49:08.473+0000] {processor.py:183} INFO - Processing /opt/airflow/dags/day24_dynamic_mapping.py took 0.094 seconds
