[2026-09-29T12:35:16.094+0000] {local_task_job_runner.py:120} INFO - ::group::Pre task execution logs
[2026-09-29T12:35:16.127+0000] {taskinstance.py:2076} INFO - Dependencies all met for dep_context=non-requeueable deps ti=<TaskInstance: day25_kafka_orchestration.produce_events manual__2026-09-29T12:35:12+00:00 [queued]>
[2026-09-29T12:35:16.133+0000] {taskinstance.py:2076} INFO - Dependencies all met for dep_context=requeueable deps ti=<TaskInstance: day25_kafka_orchestration.produce_events manual__2026-09-29T12:35:12+00:00 [queued]>
[2026-09-29T12:35:16.134+0000] {taskinstance.py:2306} INFO - Starting attempt 1 of 1
[2026-09-29T12:35:16.153+0000] {taskinstance.py:2330} INFO - Executing <Task(BashOperator): produce_events> on 2026-09-29 12:35:12+00:00
[2026-09-29T12:35:16.160+0000] {standard_task_runner.py:64} INFO - Started process 269 to run task
[2026-09-29T12:35:16.162+0000] {standard_task_runner.py:90} INFO - Running: ['airflow', 'tasks', 'run', 'day25_kafka_orchestration', 'produce_events', 'manual__2026-09-29T12:35:12+00:00', '--job-id', '8', '--raw', '--subdir', 'DAGS_FOLDER/day25_kafka_orchestration.py', '--cfg-path', '/tmp/tmp0xgl0efw']
[2026-09-29T12:35:16.164+0000] {standard_task_runner.py:91} INFO - Job 8: Subtask produce_events
[2026-09-29T12:35:16.207+0000] {task_command.py:426} INFO - Running <TaskInstance: day25_kafka_orchestration.produce_events manual__2026-09-29T12:35:12+00:00 [running]> on host a0e855e67ff4
[2026-09-29T12:35:16.274+0000] {taskinstance.py:2648} INFO - Exporting env vars: AIRFLOW_CTX_DAG_OWNER='airflow' AIRFLOW_CTX_DAG_ID='day25_kafka_orchestration' AIRFLOW_CTX_TASK_ID='produce_events' AIRFLOW_CTX_EXECUTION_DATE='2026-09-29T12:35:12+00:00' AIRFLOW_CTX_TRY_NUMBER='1' AIRFLOW_CTX_DAG_RUN_ID='manual__2026-09-29T12:35:12+00:00'
[2026-09-29T12:35:16.275+0000] {taskinstance.py:430} INFO - ::endgroup::
[2026-09-29T12:35:16.289+0000] {subprocess.py:63} INFO - Tmp dir root location: /tmp
[2026-09-29T12:35:16.291+0000] {subprocess.py:75} INFO - Running command: ['/usr/bin/bash', '-c', 'python /opt/airflow/dags/scripts/produce_events.py']
[2026-09-29T12:35:16.305+0000] {subprocess.py:86} INFO - Output:
[2026-09-29T12:35:17.252+0000] {subprocess.py:93} INFO - PRODUCED_COUNT=25
[2026-09-29T12:35:17.306+0000] {subprocess.py:97} INFO - Command exited with return code 0
[2026-09-29T12:35:17.308+0000] {taskinstance.py:441} INFO - ::group::Post task execution logs
[2026-09-29T12:35:17.332+0000] {taskinstance.py:1206} INFO - Marking task as SUCCESS. dag_id=day25_kafka_orchestration, task_id=produce_events, run_id=manual__2026-09-29T12:35:12+00:00, execution_date=20260929T123512, start_date=20260929T123516, end_date=20260929T123517
[2026-09-29T12:35:17.381+0000] {local_task_job_runner.py:243} INFO - Task exited with return code 0
[2026-09-29T12:35:17.400+0000] {taskinstance.py:3503} INFO - 1 downstream tasks scheduled from follow-on schedule check
[2026-09-29T12:35:17.411+0000] {local_task_job_runner.py:222} INFO - ::endgroup::
