[2026-09-25T15:26:29.191+0000] {local_task_job_runner.py:120} INFO - ::group::Pre task execution logs
[2026-09-25T15:26:29.212+0000] {taskinstance.py:2076} INFO - Dependencies all met for dep_context=non-requeueable deps ti=<TaskInstance: day23_conditional_pipeline.check_quality manual__2026-09-25T15:26:12+00:00 [queued]>
[2026-09-25T15:26:29.218+0000] {taskinstance.py:2076} INFO - Dependencies all met for dep_context=requeueable deps ti=<TaskInstance: day23_conditional_pipeline.check_quality manual__2026-09-25T15:26:12+00:00 [queued]>
[2026-09-25T15:26:29.219+0000] {taskinstance.py:2306} INFO - Starting attempt 1 of 1
[2026-09-25T15:26:29.239+0000] {taskinstance.py:2330} INFO - Executing <Task(BranchPythonOperator): check_quality> on 2026-09-25 15:26:12+00:00
[2026-09-25T15:26:29.246+0000] {standard_task_runner.py:64} INFO - Started process 129 to run task
[2026-09-25T15:26:29.249+0000] {standard_task_runner.py:90} INFO - Running: ['airflow', 'tasks', 'run', 'day23_conditional_pipeline', 'check_quality', 'manual__2026-09-25T15:26:12+00:00', '--job-id', '8', '--raw', '--subdir', 'DAGS_FOLDER/day23_conditional_pipeline.py', '--cfg-path', '/tmp/tmpw_ep7vl7']
[2026-09-25T15:26:29.251+0000] {standard_task_runner.py:91} INFO - Job 8: Subtask check_quality
[2026-09-25T15:26:29.293+0000] {task_command.py:426} INFO - Running <TaskInstance: day23_conditional_pipeline.check_quality manual__2026-09-25T15:26:12+00:00 [running]> on host 9332498438c7
[2026-09-25T15:26:29.358+0000] {taskinstance.py:2648} INFO - Exporting env vars: AIRFLOW_CTX_DAG_OWNER='airflow' AIRFLOW_CTX_DAG_ID='day23_conditional_pipeline' AIRFLOW_CTX_TASK_ID='check_quality' AIRFLOW_CTX_EXECUTION_DATE='2026-09-25T15:26:12+00:00' AIRFLOW_CTX_TRY_NUMBER='1' AIRFLOW_CTX_DAG_RUN_ID='manual__2026-09-25T15:26:12+00:00'
[2026-09-25T15:26:29.359+0000] {taskinstance.py:430} INFO - ::endgroup::
[2026-09-25T15:26:29.370+0000] {baseoperator.py:400} WARNING - BranchPythonOperator.execute cannot be called outside TaskInstance!
[2026-09-25T15:26:29.375+0000] {python.py:237} INFO - Done. Returned value was: process_good_data
[2026-09-25T15:26:29.376+0000] {branch.py:36} INFO - Branch into process_good_data
[2026-09-25T15:26:29.376+0000] {skipmixin.py:178} INFO - Following branch process_good_data
[2026-09-25T15:26:29.380+0000] {skipmixin.py:246} INFO - Skipping tasks [('quarantine_bad_data', -1)]
[2026-09-25T15:26:29.548+0000] {taskinstance.py:441} INFO - ::group::Post task execution logs
[2026-09-25T15:26:29.567+0000] {taskinstance.py:1206} INFO - Marking task as SUCCESS. dag_id=day23_conditional_pipeline, task_id=check_quality, run_id=manual__2026-09-25T15:26:12+00:00, execution_date=20260925T152612, start_date=20260925T152629, end_date=20260925T152629
[2026-09-25T15:26:29.625+0000] {local_task_job_runner.py:243} INFO - Task exited with return code 0
[2026-09-25T15:26:29.644+0000] {taskinstance.py:3503} INFO - 1 downstream tasks scheduled from follow-on schedule check
[2026-09-25T15:26:29.658+0000] {local_task_job_runner.py:222} INFO - ::endgroup::
