[2026-09-29T11:46:01.306+0000] {local_task_job_runner.py:120} INFO - ::group::Pre task execution logs
[2026-09-29T11:46:01.329+0000] {taskinstance.py:2076} INFO - Dependencies all met for dep_context=non-requeueable deps ti=<TaskInstance: day25_kafka_orchestration.produce_events manual__2026-09-29T11:45:58+00:00 [queued]>
[2026-09-29T11:46:01.335+0000] {taskinstance.py:2076} INFO - Dependencies all met for dep_context=requeueable deps ti=<TaskInstance: day25_kafka_orchestration.produce_events manual__2026-09-29T11:45:58+00:00 [queued]>
[2026-09-29T11:46:01.337+0000] {taskinstance.py:2306} INFO - Starting attempt 1 of 1
[2026-09-29T11:46:01.363+0000] {taskinstance.py:2330} INFO - Executing <Task(BashOperator): produce_events> on 2026-09-29 11:45:58+00:00
[2026-09-29T11:46:01.374+0000] {standard_task_runner.py:64} INFO - Started process 67 to run task
[2026-09-29T11:46:01.376+0000] {standard_task_runner.py:90} INFO - Running: ['airflow', 'tasks', 'run', 'day25_kafka_orchestration', 'produce_events', 'manual__2026-09-29T11:45:58+00:00', '--job-id', '5', '--raw', '--subdir', 'DAGS_FOLDER/day25_kafka_orchestration.py', '--cfg-path', '/tmp/tmp868c2ws6']
[2026-09-29T11:46:01.378+0000] {standard_task_runner.py:91} INFO - Job 5: Subtask produce_events
[2026-09-29T11:46:01.418+0000] {task_command.py:426} INFO - Running <TaskInstance: day25_kafka_orchestration.produce_events manual__2026-09-29T11:45:58+00:00 [running]> on host a0e855e67ff4
[2026-09-29T11:46:01.485+0000] {taskinstance.py:2648} INFO - Exporting env vars: AIRFLOW_CTX_DAG_OWNER='airflow' AIRFLOW_CTX_DAG_ID='day25_kafka_orchestration' AIRFLOW_CTX_TASK_ID='produce_events' AIRFLOW_CTX_EXECUTION_DATE='2026-09-29T11:45:58+00:00' AIRFLOW_CTX_TRY_NUMBER='1' AIRFLOW_CTX_DAG_RUN_ID='manual__2026-09-29T11:45:58+00:00'
[2026-09-29T11:46:01.486+0000] {taskinstance.py:430} INFO - ::endgroup::
[2026-09-29T11:46:01.516+0000] {subprocess.py:63} INFO - Tmp dir root location: /tmp
[2026-09-29T11:46:01.519+0000] {subprocess.py:75} INFO - Running command: ['/usr/bin/bash', '-c', 'python /opt/airflow/dags/scripts/produce_events.py']
[2026-09-29T11:46:01.545+0000] {subprocess.py:86} INFO - Output:
[2026-09-29T11:46:02.692+0000] {subprocess.py:93} INFO - PRODUCED_COUNT=25
[2026-09-29T11:46:02.744+0000] {subprocess.py:97} INFO - Command exited with return code 0
[2026-09-29T11:46:02.746+0000] {taskinstance.py:441} INFO - ::group::Post task execution logs
[2026-09-29T11:46:02.770+0000] {taskinstance.py:1206} INFO - Marking task as SUCCESS. dag_id=day25_kafka_orchestration, task_id=produce_events, run_id=manual__2026-09-29T11:45:58+00:00, execution_date=20260929T114558, start_date=20260929T114601, end_date=20260929T114602
[2026-09-29T11:46:02.836+0000] {local_task_job_runner.py:243} INFO - Task exited with return code 0
[2026-09-29T11:46:02.855+0000] {taskinstance.py:3503} INFO - 1 downstream tasks scheduled from follow-on schedule check
[2026-09-29T11:46:02.868+0000] {local_task_job_runner.py:222} INFO - ::endgroup::
