[2026-09-25T15:23:12.567+0000] {local_task_job_runner.py:120} INFO - ::group::Pre task execution logs
[2026-09-25T15:23:12.622+0000] {taskinstance.py:2076} INFO - Dependencies all met for dep_context=non-requeueable deps ti=<TaskInstance: day23_conditional_pipeline.wait_for_file manual__2026-09-25T15:23:09+00:00 [queued]>
[2026-09-25T15:23:12.628+0000] {taskinstance.py:2076} INFO - Dependencies all met for dep_context=requeueable deps ti=<TaskInstance: day23_conditional_pipeline.wait_for_file manual__2026-09-25T15:23:09+00:00 [queued]>
[2026-09-25T15:23:12.629+0000] {taskinstance.py:2306} INFO - Starting attempt 1 of 1
[2026-09-25T15:23:12.647+0000] {taskinstance.py:2330} INFO - Executing <Task(FileSensor): wait_for_file> on 2026-09-25 15:23:09+00:00
[2026-09-25T15:23:12.660+0000] {standard_task_runner.py:64} INFO - Started process 83 to run task
[2026-09-25T15:23:12.662+0000] {standard_task_runner.py:90} INFO - Running: ['airflow', 'tasks', 'run', 'day23_conditional_pipeline', 'wait_for_file', 'manual__2026-09-25T15:23:09+00:00', '--job-id', '3', '--raw', '--subdir', 'DAGS_FOLDER/day23_conditional_pipeline.py', '--cfg-path', '/tmp/tmp4f3jy0mj']
[2026-09-25T15:23:12.664+0000] {standard_task_runner.py:91} INFO - Job 3: Subtask wait_for_file
[2026-09-25T15:23:12.713+0000] {task_command.py:426} INFO - Running <TaskInstance: day23_conditional_pipeline.wait_for_file manual__2026-09-25T15:23:09+00:00 [running]> on host 9332498438c7
[2026-09-25T15:23:12.788+0000] {taskinstance.py:2648} INFO - Exporting env vars: AIRFLOW_CTX_DAG_OWNER='airflow' AIRFLOW_CTX_DAG_ID='day23_conditional_pipeline' AIRFLOW_CTX_TASK_ID='wait_for_file' AIRFLOW_CTX_EXECUTION_DATE='2026-09-25T15:23:09+00:00' AIRFLOW_CTX_TRY_NUMBER='1' AIRFLOW_CTX_DAG_RUN_ID='manual__2026-09-25T15:23:09+00:00'
[2026-09-25T15:23:12.790+0000] {taskinstance.py:430} INFO - ::endgroup::
[2026-09-25T15:23:12.841+0000] {baseoperator.py:400} WARNING - FileSensor.execute cannot be called outside TaskInstance!
[2026-09-25T15:23:12.847+0000] {base.py:84} INFO - Using connection ID 'fs_default' for task execution.
[2026-09-25T15:23:12.848+0000] {filesystem.py:85} INFO - Poking for file /opt/airflow/data/incoming/orders.csv
[2026-09-25T15:23:17.850+0000] {filesystem.py:85} INFO - Poking for file /opt/airflow/data/incoming/orders.csv
[2026-09-25T15:23:22.853+0000] {filesystem.py:85} INFO - Poking for file /opt/airflow/data/incoming/orders.csv
[2026-09-25T15:23:27.855+0000] {filesystem.py:85} INFO - Poking for file /opt/airflow/data/incoming/orders.csv
[2026-09-25T15:23:32.858+0000] {filesystem.py:85} INFO - Poking for file /opt/airflow/data/incoming/orders.csv
[2026-09-25T15:23:37.859+0000] {filesystem.py:85} INFO - Poking for file /opt/airflow/data/incoming/orders.csv
[2026-09-25T15:23:42.861+0000] {filesystem.py:85} INFO - Poking for file /opt/airflow/data/incoming/orders.csv
[2026-09-25T15:23:47.864+0000] {filesystem.py:85} INFO - Poking for file /opt/airflow/data/incoming/orders.csv
[2026-09-25T15:23:52.866+0000] {filesystem.py:85} INFO - Poking for file /opt/airflow/data/incoming/orders.csv
[2026-09-25T15:23:57.868+0000] {filesystem.py:85} INFO - Poking for file /opt/airflow/data/incoming/orders.csv
[2026-09-25T15:24:02.869+0000] {filesystem.py:85} INFO - Poking for file /opt/airflow/data/incoming/orders.csv
[2026-09-25T15:24:07.870+0000] {filesystem.py:85} INFO - Poking for file /opt/airflow/data/incoming/orders.csv
[2026-09-25T15:24:07.877+0000] {filesystem.py:89} INFO - Found File /opt/airflow/data/incoming/orders.csv last modified: 20260925152406
[2026-09-25T15:24:07.878+0000] {base.py:294} INFO - Success criteria met. Exiting.
[2026-09-25T15:24:07.878+0000] {filesystem.py:85} INFO - Poking for file /opt/airflow/data/incoming/orders.csv
[2026-09-25T15:24:07.883+0000] {filesystem.py:89} INFO - Found File /opt/airflow/data/incoming/orders.csv last modified: 20260925152406
[2026-09-25T15:24:07.884+0000] {taskinstance.py:441} INFO - ::group::Post task execution logs
[2026-09-25T15:24:07.891+0000] {taskinstance.py:1206} INFO - Marking task as SUCCESS. dag_id=day23_conditional_pipeline, task_id=wait_for_file, run_id=manual__2026-09-25T15:23:09+00:00, execution_date=20260925T152309, start_date=20260925T152312, end_date=20260925T152407
[2026-09-25T15:24:08.149+0000] {local_task_job_runner.py:243} INFO - Task exited with return code 0
[2026-09-25T15:24:08.169+0000] {taskinstance.py:3503} INFO - 1 downstream tasks scheduled from follow-on schedule check
[2026-09-25T15:24:08.180+0000] {local_task_job_runner.py:222} INFO - ::endgroup::
