[2026-09-25T14:27:36.176+0000] {manager.py:470} INFO - Processing files using up to 1 processes at a time 
[2026-09-25T14:27:36.183+0000] {manager.py:471} INFO - Process each file at most once every 30 seconds
[2026-09-25T14:27:36.186+0000] {manager.py:472} INFO - Checking for new files in /opt/airflow/dags every 300 seconds
[2026-09-25T14:27:36.188+0000] {manager.py:737} INFO - Searching for files in /opt/airflow/dags
[2026-09-25T14:27:36.209+0000] {manager.py:740} INFO - There are 1 files in /opt/airflow/dags
[2026-09-25T14:27:38.182+0000] {manager.py:878} INFO - 
================================================================================
DAG File Processing Stats

File Path                                PID    Runtime      # DAGs    # Errors  Last Runtime    Last Run
---------------------------------------  -----  ---------  --------  ----------  --------------  -------------------
/opt/airflow/dags/day22_etl_pipeline.py                           1           0  1.70s           2026-09-25T14:27:38
================================================================================
[2026-09-25T14:28:08.795+0000] {manager.py:878} INFO - 
================================================================================
DAG File Processing Stats

File Path                                PID    Runtime      # DAGs    # Errors  Last Runtime    Last Run
---------------------------------------  -----  ---------  --------  ----------  --------------  -------------------
/opt/airflow/dags/day22_etl_pipeline.py                           1           0  0.52s           2026-09-25T14:28:08
================================================================================
[2026-09-25T14:28:39.510+0000] {manager.py:878} INFO - 
================================================================================
DAG File Processing Stats

File Path                                PID    Runtime      # DAGs    # Errors  Last Runtime    Last Run
---------------------------------------  -----  ---------  --------  ----------  --------------  -------------------
/opt/airflow/dags/day22_etl_pipeline.py                           1           0  0.42s           2026-09-25T14:28:39
================================================================================
[2026-09-25T14:29:10.048+0000] {manager.py:878} INFO - 
================================================================================
DAG File Processing Stats

File Path                                PID    Runtime      # DAGs    # Errors  Last Runtime    Last Run
---------------------------------------  -----  ---------  --------  ----------  --------------  -------------------
/opt/airflow/dags/day22_etl_pipeline.py                           1           0  0.22s           2026-09-25T14:29:10
================================================================================
[2026-09-25T14:29:40.455+0000] {manager.py:878} INFO - 
================================================================================
DAG File Processing Stats

File Path                                PID    Runtime      # DAGs    # Errors  Last Runtime    Last Run
---------------------------------------  -----  ---------  --------  ----------  --------------  -------------------
/opt/airflow/dags/day22_etl_pipeline.py                           1           0  0.11s           2026-09-25T14:29:40
================================================================================
[2026-09-25T14:30:10.689+0000] {manager.py:878} INFO - 
================================================================================
DAG File Processing Stats

File Path                                PID    Runtime      # DAGs    # Errors  Last Runtime    Last Run
---------------------------------------  -----  ---------  --------  ----------  --------------  -------------------
/opt/airflow/dags/day22_etl_pipeline.py                           1           0  0.21s           2026-09-25T14:30:10
================================================================================
[2026-09-25T14:30:40.938+0000] {manager.py:878} INFO - 
================================================================================
DAG File Processing Stats

File Path                                PID    Runtime      # DAGs    # Errors  Last Runtime    Last Run
---------------------------------------  -----  ---------  --------  ----------  --------------  -------------------
/opt/airflow/dags/day22_etl_pipeline.py                           1           0  0.21s           2026-09-25T14:30:40
================================================================================
[2026-09-25T14:31:11.145+0000] {manager.py:878} INFO - 
================================================================================
DAG File Processing Stats

File Path                                PID    Runtime      # DAGs    # Errors  Last Runtime    Last Run
---------------------------------------  -----  ---------  --------  ----------  --------------  -------------------
/opt/airflow/dags/day22_etl_pipeline.py                           1           0  0.11s           2026-09-25T14:31:11
================================================================================
[2026-09-25T14:31:41.353+0000] {manager.py:878} INFO - 
================================================================================
DAG File Processing Stats

File Path                                PID    Runtime      # DAGs    # Errors  Last Runtime    Last Run
---------------------------------------  -----  ---------  --------  ----------  --------------  -------------------
/opt/airflow/dags/day22_etl_pipeline.py                           1           0  0.12s           2026-09-25T14:31:41
================================================================================
[2026-09-25T14:32:11.661+0000] {manager.py:878} INFO - 
================================================================================
DAG File Processing Stats

File Path                                PID    Runtime      # DAGs    # Errors  Last Runtime    Last Run
---------------------------------------  -----  ---------  --------  ----------  --------------  -------------------
/opt/airflow/dags/day22_etl_pipeline.py                           1           0  0.21s           2026-09-25T14:32:11
================================================================================
[2026-09-25T14:32:36.238+0000] {manager.py:737} INFO - Searching for files in /opt/airflow/dags
[2026-09-25T14:32:36.262+0000] {manager.py:740} INFO - There are 1 files in /opt/airflow/dags
[2026-09-25T14:32:41.991+0000] {manager.py:878} INFO - 
================================================================================
DAG File Processing Stats

File Path                                PID    Runtime      # DAGs    # Errors  Last Runtime    Last Run
---------------------------------------  -----  ---------  --------  ----------  --------------  -------------------
/opt/airflow/dags/day22_etl_pipeline.py                           1           0  0.23s           2026-09-25T14:32:41
================================================================================
[2026-09-25T14:33:12.143+0000] {manager.py:878} INFO - 
================================================================================
DAG File Processing Stats

File Path                                PID    Runtime      # DAGs    # Errors  Last Runtime    Last Run
---------------------------------------  -----  ---------  --------  ----------  --------------  -------------------
/opt/airflow/dags/day22_etl_pipeline.py                           1           0  0.12s           2026-09-25T14:33:12
================================================================================
[2026-09-25T14:33:42.544+0000] {manager.py:878} INFO - 
================================================================================
DAG File Processing Stats

File Path                                PID    Runtime      # DAGs    # Errors  Last Runtime    Last Run
---------------------------------------  -----  ---------  --------  ----------  --------------  -------------------
/opt/airflow/dags/day22_etl_pipeline.py                           1           0  0.31s           2026-09-25T14:33:42
================================================================================
[2026-09-25T14:34:12.737+0000] {manager.py:878} INFO - 
================================================================================
DAG File Processing Stats

File Path                                PID    Runtime      # DAGs    # Errors  Last Runtime    Last Run
---------------------------------------  -----  ---------  --------  ----------  --------------  -------------------
/opt/airflow/dags/day22_etl_pipeline.py                           1           0  0.12s           2026-09-25T14:34:12
================================================================================
[2026-09-25T14:34:42.940+0000] {manager.py:878} INFO - 
================================================================================
DAG File Processing Stats

File Path                                PID    Runtime      # DAGs    # Errors  Last Runtime    Last Run
---------------------------------------  -----  ---------  --------  ----------  --------------  -------------------
/opt/airflow/dags/day22_etl_pipeline.py                           1           0  0.11s           2026-09-25T14:34:42
================================================================================
