[2026-09-25T15:21:25.188+0000] {processor.py:161} INFO - Started process (PID=52) to work on /opt/airflow/dags/day23_conditional_pipeline.py
[2026-09-25T15:21:25.191+0000] {processor.py:830} INFO - Processing file /opt/airflow/dags/day23_conditional_pipeline.py for tasks to queue
[2026-09-25T15:21:25.235+0000] {logging_mixin.py:188} INFO - [2026-09-25T15:21:25.223+0000] {dagbag.py:545} INFO - Filling up the DagBag from /opt/airflow/dags/day23_conditional_pipeline.py
[2026-09-25T15:21:25.373+0000] {processor.py:840} INFO - DAG(s) 'day23_conditional_pipeline' retrieved from /opt/airflow/dags/day23_conditional_pipeline.py
[2026-09-25T15:21:26.199+0000] {logging_mixin.py:188} INFO - [2026-09-25T15:21:26.197+0000] {override.py:1858} INFO - Created Permission View: can delete on DAG:day23_conditional_pipeline
[2026-09-25T15:21:26.238+0000] {logging_mixin.py:188} INFO - [2026-09-25T15:21:26.238+0000] {override.py:1858} INFO - Created Permission View: can read on DAG:day23_conditional_pipeline
[2026-09-25T15:21:26.255+0000] {logging_mixin.py:188} INFO - [2026-09-25T15:21:26.255+0000] {override.py:1858} INFO - Created Permission View: can edit on DAG:day23_conditional_pipeline
[2026-09-25T15:21:26.257+0000] {logging_mixin.py:188} INFO - [2026-09-25T15:21:26.257+0000] {dag.py:3089} INFO - Sync 1 DAGs
[2026-09-25T15:21:26.306+0000] {logging_mixin.py:188} INFO - [2026-09-25T15:21:26.306+0000] {dag.py:3111} INFO - Creating ORM DAG for day23_conditional_pipeline
[2026-09-25T15:21:26.311+0000] {logging_mixin.py:188} INFO - [2026-09-25T15:21:26.311+0000] {dag.py:3947} INFO - Setting next_dagrun for day23_conditional_pipeline to None, run_after=None
[2026-09-25T15:21:26.382+0000] {processor.py:183} INFO - Processing /opt/airflow/dags/day23_conditional_pipeline.py took 1.276 seconds
[2026-09-25T15:21:56.831+0000] {processor.py:161} INFO - Started process (PID=59) to work on /opt/airflow/dags/day23_conditional_pipeline.py
[2026-09-25T15:21:56.842+0000] {processor.py:830} INFO - Processing file /opt/airflow/dags/day23_conditional_pipeline.py for tasks to queue
[2026-09-25T15:21:56.860+0000] {logging_mixin.py:188} INFO - [2026-09-25T15:21:56.853+0000] {dagbag.py:545} INFO - Filling up the DagBag from /opt/airflow/dags/day23_conditional_pipeline.py
[2026-09-25T15:21:56.936+0000] {processor.py:840} INFO - DAG(s) 'day23_conditional_pipeline' retrieved from /opt/airflow/dags/day23_conditional_pipeline.py
[2026-09-25T15:21:57.047+0000] {logging_mixin.py:188} INFO - [2026-09-25T15:21:57.046+0000] {dag.py:3089} INFO - Sync 1 DAGs
[2026-09-25T15:21:57.145+0000] {logging_mixin.py:188} INFO - [2026-09-25T15:21:57.144+0000] {dag.py:3947} INFO - Setting next_dagrun for day23_conditional_pipeline to None, run_after=None
[2026-09-25T15:21:57.247+0000] {processor.py:183} INFO - Processing /opt/airflow/dags/day23_conditional_pipeline.py took 0.486 seconds
[2026-09-25T15:22:27.460+0000] {processor.py:161} INFO - Started process (PID=66) to work on /opt/airflow/dags/day23_conditional_pipeline.py
[2026-09-25T15:22:27.462+0000] {processor.py:830} INFO - Processing file /opt/airflow/dags/day23_conditional_pipeline.py for tasks to queue
[2026-09-25T15:22:27.464+0000] {logging_mixin.py:188} INFO - [2026-09-25T15:22:27.463+0000] {dagbag.py:545} INFO - Filling up the DagBag from /opt/airflow/dags/day23_conditional_pipeline.py
[2026-09-25T15:22:27.477+0000] {processor.py:840} INFO - DAG(s) 'day23_conditional_pipeline' retrieved from /opt/airflow/dags/day23_conditional_pipeline.py
[2026-09-25T15:22:27.501+0000] {logging_mixin.py:188} INFO - [2026-09-25T15:22:27.501+0000] {dag.py:3089} INFO - Sync 1 DAGs
[2026-09-25T15:22:27.512+0000] {logging_mixin.py:188} INFO - [2026-09-25T15:22:27.512+0000] {dag.py:3947} INFO - Setting next_dagrun for day23_conditional_pipeline to None, run_after=None
[2026-09-25T15:22:27.541+0000] {processor.py:183} INFO - Processing /opt/airflow/dags/day23_conditional_pipeline.py took 0.085 seconds
[2026-09-25T15:22:57.684+0000] {processor.py:161} INFO - Started process (PID=67) to work on /opt/airflow/dags/day23_conditional_pipeline.py
[2026-09-25T15:22:57.698+0000] {processor.py:830} INFO - Processing file /opt/airflow/dags/day23_conditional_pipeline.py for tasks to queue
[2026-09-25T15:22:57.719+0000] {logging_mixin.py:188} INFO - [2026-09-25T15:22:57.716+0000] {dagbag.py:545} INFO - Filling up the DagBag from /opt/airflow/dags/day23_conditional_pipeline.py
[2026-09-25T15:22:57.739+0000] {processor.py:840} INFO - DAG(s) 'day23_conditional_pipeline' retrieved from /opt/airflow/dags/day23_conditional_pipeline.py
[2026-09-25T15:22:57.762+0000] {logging_mixin.py:188} INFO - [2026-09-25T15:22:57.762+0000] {dag.py:3089} INFO - Sync 1 DAGs
[2026-09-25T15:22:57.773+0000] {logging_mixin.py:188} INFO - [2026-09-25T15:22:57.773+0000] {dag.py:3947} INFO - Setting next_dagrun for day23_conditional_pipeline to None, run_after=None
[2026-09-25T15:22:57.798+0000] {processor.py:183} INFO - Processing /opt/airflow/dags/day23_conditional_pipeline.py took 0.135 seconds
[2026-09-25T15:24:10.240+0000] {processor.py:161} INFO - Started process (PID=91) to work on /opt/airflow/dags/day23_conditional_pipeline.py
[2026-09-25T15:24:10.245+0000] {processor.py:830} INFO - Processing file /opt/airflow/dags/day23_conditional_pipeline.py for tasks to queue
[2026-09-25T15:24:10.255+0000] {logging_mixin.py:188} INFO - [2026-09-25T15:24:10.248+0000] {dagbag.py:545} INFO - Filling up the DagBag from /opt/airflow/dags/day23_conditional_pipeline.py
[2026-09-25T15:24:10.320+0000] {processor.py:840} INFO - DAG(s) 'day23_conditional_pipeline' retrieved from /opt/airflow/dags/day23_conditional_pipeline.py
[2026-09-25T15:24:10.432+0000] {logging_mixin.py:188} INFO - [2026-09-25T15:24:10.432+0000] {dag.py:3089} INFO - Sync 1 DAGs
[2026-09-25T15:24:10.463+0000] {logging_mixin.py:188} INFO - [2026-09-25T15:24:10.463+0000] {dag.py:3947} INFO - Setting next_dagrun for day23_conditional_pipeline to None, run_after=None
[2026-09-25T15:24:10.497+0000] {processor.py:183} INFO - Processing /opt/airflow/dags/day23_conditional_pipeline.py took 0.295 seconds
[2026-09-25T15:24:40.915+0000] {processor.py:161} INFO - Started process (PID=101) to work on /opt/airflow/dags/day23_conditional_pipeline.py
[2026-09-25T15:24:40.917+0000] {processor.py:830} INFO - Processing file /opt/airflow/dags/day23_conditional_pipeline.py for tasks to queue
[2026-09-25T15:24:40.918+0000] {logging_mixin.py:188} INFO - [2026-09-25T15:24:40.918+0000] {dagbag.py:545} INFO - Filling up the DagBag from /opt/airflow/dags/day23_conditional_pipeline.py
[2026-09-25T15:24:40.930+0000] {processor.py:840} INFO - DAG(s) 'day23_conditional_pipeline' retrieved from /opt/airflow/dags/day23_conditional_pipeline.py
[2026-09-25T15:24:40.951+0000] {logging_mixin.py:188} INFO - [2026-09-25T15:24:40.951+0000] {dag.py:3089} INFO - Sync 1 DAGs
[2026-09-25T15:24:40.960+0000] {logging_mixin.py:188} INFO - [2026-09-25T15:24:40.959+0000] {dag.py:3947} INFO - Setting next_dagrun for day23_conditional_pipeline to None, run_after=None
[2026-09-25T15:24:40.987+0000] {processor.py:183} INFO - Processing /opt/airflow/dags/day23_conditional_pipeline.py took 0.077 seconds
[2026-09-25T15:25:11.119+0000] {processor.py:161} INFO - Started process (PID=107) to work on /opt/airflow/dags/day23_conditional_pipeline.py
[2026-09-25T15:25:11.120+0000] {processor.py:830} INFO - Processing file /opt/airflow/dags/day23_conditional_pipeline.py for tasks to queue
[2026-09-25T15:25:11.122+0000] {logging_mixin.py:188} INFO - [2026-09-25T15:25:11.121+0000] {dagbag.py:545} INFO - Filling up the DagBag from /opt/airflow/dags/day23_conditional_pipeline.py
[2026-09-25T15:25:11.136+0000] {processor.py:840} INFO - DAG(s) 'day23_conditional_pipeline' retrieved from /opt/airflow/dags/day23_conditional_pipeline.py
[2026-09-25T15:25:11.162+0000] {logging_mixin.py:188} INFO - [2026-09-25T15:25:11.162+0000] {dag.py:3089} INFO - Sync 1 DAGs
[2026-09-25T15:25:11.175+0000] {logging_mixin.py:188} INFO - [2026-09-25T15:25:11.175+0000] {dag.py:3947} INFO - Setting next_dagrun for day23_conditional_pipeline to None, run_after=None
[2026-09-25T15:25:11.203+0000] {processor.py:183} INFO - Processing /opt/airflow/dags/day23_conditional_pipeline.py took 0.091 seconds
[2026-09-25T15:25:41.425+0000] {processor.py:161} INFO - Started process (PID=114) to work on /opt/airflow/dags/day23_conditional_pipeline.py
[2026-09-25T15:25:41.427+0000] {processor.py:830} INFO - Processing file /opt/airflow/dags/day23_conditional_pipeline.py for tasks to queue
[2026-09-25T15:25:41.428+0000] {logging_mixin.py:188} INFO - [2026-09-25T15:25:41.428+0000] {dagbag.py:545} INFO - Filling up the DagBag from /opt/airflow/dags/day23_conditional_pipeline.py
[2026-09-25T15:25:41.443+0000] {processor.py:840} INFO - DAG(s) 'day23_conditional_pipeline' retrieved from /opt/airflow/dags/day23_conditional_pipeline.py
[2026-09-25T15:25:41.474+0000] {logging_mixin.py:188} INFO - [2026-09-25T15:25:41.474+0000] {dag.py:3089} INFO - Sync 1 DAGs
[2026-09-25T15:25:41.487+0000] {logging_mixin.py:188} INFO - [2026-09-25T15:25:41.487+0000] {dag.py:3947} INFO - Setting next_dagrun for day23_conditional_pipeline to None, run_after=None
[2026-09-25T15:25:41.513+0000] {processor.py:183} INFO - Processing /opt/airflow/dags/day23_conditional_pipeline.py took 0.094 seconds
[2026-09-25T15:26:11.713+0000] {processor.py:161} INFO - Started process (PID=122) to work on /opt/airflow/dags/day23_conditional_pipeline.py
[2026-09-25T15:26:11.714+0000] {processor.py:830} INFO - Processing file /opt/airflow/dags/day23_conditional_pipeline.py for tasks to queue
[2026-09-25T15:26:11.715+0000] {logging_mixin.py:188} INFO - [2026-09-25T15:26:11.715+0000] {dagbag.py:545} INFO - Filling up the DagBag from /opt/airflow/dags/day23_conditional_pipeline.py
[2026-09-25T15:26:11.729+0000] {processor.py:840} INFO - DAG(s) 'day23_conditional_pipeline' retrieved from /opt/airflow/dags/day23_conditional_pipeline.py
[2026-09-25T15:26:11.753+0000] {logging_mixin.py:188} INFO - [2026-09-25T15:26:11.753+0000] {dag.py:3089} INFO - Sync 1 DAGs
[2026-09-25T15:26:11.763+0000] {logging_mixin.py:188} INFO - [2026-09-25T15:26:11.763+0000] {dag.py:3947} INFO - Setting next_dagrun for day23_conditional_pipeline to None, run_after=None
[2026-09-25T15:26:11.793+0000] {processor.py:183} INFO - Processing /opt/airflow/dags/day23_conditional_pipeline.py took 0.086 seconds
[2026-09-25T15:26:42.072+0000] {processor.py:161} INFO - Started process (PID=136) to work on /opt/airflow/dags/day23_conditional_pipeline.py
[2026-09-25T15:26:42.073+0000] {processor.py:830} INFO - Processing file /opt/airflow/dags/day23_conditional_pipeline.py for tasks to queue
[2026-09-25T15:26:42.074+0000] {logging_mixin.py:188} INFO - [2026-09-25T15:26:42.074+0000] {dagbag.py:545} INFO - Filling up the DagBag from /opt/airflow/dags/day23_conditional_pipeline.py
[2026-09-25T15:26:42.086+0000] {processor.py:840} INFO - DAG(s) 'day23_conditional_pipeline' retrieved from /opt/airflow/dags/day23_conditional_pipeline.py
[2026-09-25T15:26:42.106+0000] {logging_mixin.py:188} INFO - [2026-09-25T15:26:42.106+0000] {dag.py:3089} INFO - Sync 1 DAGs
[2026-09-25T15:26:42.115+0000] {logging_mixin.py:188} INFO - [2026-09-25T15:26:42.114+0000] {dag.py:3947} INFO - Setting next_dagrun for day23_conditional_pipeline to None, run_after=None
[2026-09-25T15:26:42.139+0000] {processor.py:183} INFO - Processing /opt/airflow/dags/day23_conditional_pipeline.py took 0.072 seconds
[2026-09-25T15:27:12.236+0000] {processor.py:161} INFO - Started process (PID=144) to work on /opt/airflow/dags/day23_conditional_pipeline.py
[2026-09-25T15:27:12.237+0000] {processor.py:830} INFO - Processing file /opt/airflow/dags/day23_conditional_pipeline.py for tasks to queue
[2026-09-25T15:27:12.239+0000] {logging_mixin.py:188} INFO - [2026-09-25T15:27:12.239+0000] {dagbag.py:545} INFO - Filling up the DagBag from /opt/airflow/dags/day23_conditional_pipeline.py
[2026-09-25T15:27:12.252+0000] {processor.py:840} INFO - DAG(s) 'day23_conditional_pipeline' retrieved from /opt/airflow/dags/day23_conditional_pipeline.py
[2026-09-25T15:27:12.288+0000] {logging_mixin.py:188} INFO - [2026-09-25T15:27:12.288+0000] {dag.py:3089} INFO - Sync 1 DAGs
[2026-09-25T15:27:12.298+0000] {logging_mixin.py:188} INFO - [2026-09-25T15:27:12.298+0000] {dag.py:3947} INFO - Setting next_dagrun for day23_conditional_pipeline to None, run_after=None
[2026-09-25T15:27:12.336+0000] {processor.py:183} INFO - Processing /opt/airflow/dags/day23_conditional_pipeline.py took 0.104 seconds
[2026-09-25T15:27:42.509+0000] {processor.py:161} INFO - Started process (PID=151) to work on /opt/airflow/dags/day23_conditional_pipeline.py
[2026-09-25T15:27:42.510+0000] {processor.py:830} INFO - Processing file /opt/airflow/dags/day23_conditional_pipeline.py for tasks to queue
[2026-09-25T15:27:42.512+0000] {logging_mixin.py:188} INFO - [2026-09-25T15:27:42.511+0000] {dagbag.py:545} INFO - Filling up the DagBag from /opt/airflow/dags/day23_conditional_pipeline.py
[2026-09-25T15:27:42.524+0000] {processor.py:840} INFO - DAG(s) 'day23_conditional_pipeline' retrieved from /opt/airflow/dags/day23_conditional_pipeline.py
[2026-09-25T15:27:42.552+0000] {logging_mixin.py:188} INFO - [2026-09-25T15:27:42.552+0000] {dag.py:3089} INFO - Sync 1 DAGs
[2026-09-25T15:27:42.564+0000] {logging_mixin.py:188} INFO - [2026-09-25T15:27:42.564+0000] {dag.py:3947} INFO - Setting next_dagrun for day23_conditional_pipeline to None, run_after=None
[2026-09-25T15:27:42.592+0000] {processor.py:183} INFO - Processing /opt/airflow/dags/day23_conditional_pipeline.py took 0.088 seconds
[2026-09-25T15:28:12.692+0000] {processor.py:161} INFO - Started process (PID=152) to work on /opt/airflow/dags/day23_conditional_pipeline.py
[2026-09-25T15:28:12.693+0000] {processor.py:830} INFO - Processing file /opt/airflow/dags/day23_conditional_pipeline.py for tasks to queue
[2026-09-25T15:28:12.694+0000] {logging_mixin.py:188} INFO - [2026-09-25T15:28:12.694+0000] {dagbag.py:545} INFO - Filling up the DagBag from /opt/airflow/dags/day23_conditional_pipeline.py
[2026-09-25T15:28:12.706+0000] {processor.py:840} INFO - DAG(s) 'day23_conditional_pipeline' retrieved from /opt/airflow/dags/day23_conditional_pipeline.py
[2026-09-25T15:28:12.728+0000] {logging_mixin.py:188} INFO - [2026-09-25T15:28:12.728+0000] {dag.py:3089} INFO - Sync 1 DAGs
[2026-09-25T15:28:12.737+0000] {logging_mixin.py:188} INFO - [2026-09-25T15:28:12.737+0000] {dag.py:3947} INFO - Setting next_dagrun for day23_conditional_pipeline to None, run_after=None
[2026-09-25T15:28:12.782+0000] {processor.py:183} INFO - Processing /opt/airflow/dags/day23_conditional_pipeline.py took 0.095 seconds
[2026-09-25T15:28:42.969+0000] {processor.py:161} INFO - Started process (PID=153) to work on /opt/airflow/dags/day23_conditional_pipeline.py
[2026-09-25T15:28:42.971+0000] {processor.py:830} INFO - Processing file /opt/airflow/dags/day23_conditional_pipeline.py for tasks to queue
[2026-09-25T15:28:42.972+0000] {logging_mixin.py:188} INFO - [2026-09-25T15:28:42.972+0000] {dagbag.py:545} INFO - Filling up the DagBag from /opt/airflow/dags/day23_conditional_pipeline.py
[2026-09-25T15:28:42.987+0000] {processor.py:840} INFO - DAG(s) 'day23_conditional_pipeline' retrieved from /opt/airflow/dags/day23_conditional_pipeline.py
[2026-09-25T15:28:43.011+0000] {logging_mixin.py:188} INFO - [2026-09-25T15:28:43.011+0000] {dag.py:3089} INFO - Sync 1 DAGs
[2026-09-25T15:28:43.022+0000] {logging_mixin.py:188} INFO - [2026-09-25T15:28:43.021+0000] {dag.py:3947} INFO - Setting next_dagrun for day23_conditional_pipeline to None, run_after=None
[2026-09-25T15:28:43.061+0000] {processor.py:183} INFO - Processing /opt/airflow/dags/day23_conditional_pipeline.py took 0.098 seconds
[2026-09-25T15:29:13.259+0000] {processor.py:161} INFO - Started process (PID=154) to work on /opt/airflow/dags/day23_conditional_pipeline.py
[2026-09-25T15:29:13.261+0000] {processor.py:830} INFO - Processing file /opt/airflow/dags/day23_conditional_pipeline.py for tasks to queue
[2026-09-25T15:29:13.263+0000] {logging_mixin.py:188} INFO - [2026-09-25T15:29:13.263+0000] {dagbag.py:545} INFO - Filling up the DagBag from /opt/airflow/dags/day23_conditional_pipeline.py
[2026-09-25T15:29:13.277+0000] {processor.py:840} INFO - DAG(s) 'day23_conditional_pipeline' retrieved from /opt/airflow/dags/day23_conditional_pipeline.py
[2026-09-25T15:29:13.303+0000] {logging_mixin.py:188} INFO - [2026-09-25T15:29:13.303+0000] {dag.py:3089} INFO - Sync 1 DAGs
[2026-09-25T15:29:13.314+0000] {logging_mixin.py:188} INFO - [2026-09-25T15:29:13.314+0000] {dag.py:3947} INFO - Setting next_dagrun for day23_conditional_pipeline to None, run_after=None
[2026-09-25T15:29:13.342+0000] {processor.py:183} INFO - Processing /opt/airflow/dags/day23_conditional_pipeline.py took 0.088 seconds
