[2026-09-25T14:41:20.423+0000] {manager.py:470} INFO - Processing files using up to 1 processes at a time 
[2026-09-25T14:41:20.428+0000] {manager.py:471} INFO - Process each file at most once every 30 seconds
[2026-09-25T14:41:20.431+0000] {manager.py:472} INFO - Checking for new files in /opt/airflow/dags every 300 seconds
[2026-09-25T14:41:20.434+0000] {manager.py:737} INFO - Searching for files in /opt/airflow/dags
[2026-09-25T14:41:20.443+0000] {manager.py:740} INFO - There are 0 files in /opt/airflow/dags
[2026-09-25T14:46:20.527+0000] {manager.py:737} INFO - Searching for files in /opt/airflow/dags
[2026-09-25T14:46:20.607+0000] {manager.py:740} INFO - There are 0 files in /opt/airflow/dags
[2026-09-25T14:51:20.649+0000] {manager.py:737} INFO - Searching for files in /opt/airflow/dags
[2026-09-25T14:51:20.684+0000] {manager.py:740} INFO - There are 0 files in /opt/airflow/dags
[2026-09-25T14:56:21.108+0000] {manager.py:737} INFO - Searching for files in /opt/airflow/dags
[2026-09-25T14:56:21.297+0000] {manager.py:740} INFO - There are 0 files in /opt/airflow/dags
[2026-09-25T15:01:20.859+0000] {manager.py:737} INFO - Searching for files in /opt/airflow/dags
[2026-09-25T15:01:20.882+0000] {manager.py:740} INFO - There are 0 files in /opt/airflow/dags
[2026-09-25T15:06:21.060+0000] {manager.py:737} INFO - Searching for files in /opt/airflow/dags
[2026-09-25T15:06:21.079+0000] {manager.py:740} INFO - There are 0 files in /opt/airflow/dags
[2026-09-25T15:11:21.545+0000] {manager.py:737} INFO - Searching for files in /opt/airflow/dags
[2026-09-25T15:11:21.554+0000] {manager.py:740} INFO - There are 0 files in /opt/airflow/dags
[2026-09-25T15:16:24.168+0000] {manager.py:737} INFO - Searching for files in /opt/airflow/dags
[2026-09-25T15:16:24.182+0000] {manager.py:740} INFO - There are 0 files in /opt/airflow/dags
[2026-09-25T15:21:24.396+0000] {manager.py:737} INFO - Searching for files in /opt/airflow/dags
[2026-09-25T15:21:24.458+0000] {manager.py:740} INFO - There are 1 files in /opt/airflow/dags
[2026-09-25T15:21:26.473+0000] {manager.py:878} INFO - 
================================================================================
DAG File Processing Stats

File Path                                        PID    Runtime      # DAGs    # Errors  Last Runtime    Last Run
-----------------------------------------------  -----  ---------  --------  ----------  --------------  -------------------
/opt/airflow/dags/day23_conditional_pipeline.py                           1           0  1.53s           2026-09-25T15:21:26
================================================================================
[2026-09-25T15:21:57.336+0000] {manager.py:878} INFO - 
================================================================================
DAG File Processing Stats

File Path                                        PID    Runtime      # DAGs    # Errors  Last Runtime    Last Run
-----------------------------------------------  -----  ---------  --------  ----------  --------------  -------------------
/opt/airflow/dags/day23_conditional_pipeline.py                           1           0  0.81s           2026-09-25T15:21:57
================================================================================
[2026-09-25T15:22:27.552+0000] {manager.py:878} INFO - 
================================================================================
DAG File Processing Stats

File Path                                        PID    Runtime      # DAGs    # Errors  Last Runtime    Last Run
-----------------------------------------------  -----  ---------  --------  ----------  --------------  -------------------
/opt/airflow/dags/day23_conditional_pipeline.py                           1           0  0.11s           2026-09-25T15:22:27
================================================================================
[2026-09-25T15:22:57.853+0000] {manager.py:878} INFO - 
================================================================================
DAG File Processing Stats

File Path                                        PID    Runtime      # DAGs    # Errors  Last Runtime    Last Run
-----------------------------------------------  -----  ---------  --------  ----------  --------------  -------------------
/opt/airflow/dags/day23_conditional_pipeline.py                           1           0  0.21s           2026-09-25T15:22:57
================================================================================
[2026-09-25T15:24:08.653+0000] {manager.py:452} INFO - Exiting gracefully upon receiving signal 15
[2026-09-25T15:24:10.058+0000] {manager.py:470} INFO - Processing files using up to 1 processes at a time 
[2026-09-25T15:24:10.059+0000] {manager.py:471} INFO - Process each file at most once every 30 seconds
[2026-09-25T15:24:10.060+0000] {manager.py:472} INFO - Checking for new files in /opt/airflow/dags every 300 seconds
[2026-09-25T15:24:10.062+0000] {manager.py:737} INFO - Searching for files in /opt/airflow/dags
[2026-09-25T15:24:10.081+0000] {manager.py:740} INFO - There are 1 files in /opt/airflow/dags
[2026-09-25T15:24:10.577+0000] {manager.py:878} INFO - 
================================================================================
DAG File Processing Stats

File Path                                        PID    Runtime      # DAGs    # Errors  Last Runtime    Last Run
-----------------------------------------------  -----  ---------  --------  ----------  --------------  -------------------
/opt/airflow/dags/day23_conditional_pipeline.py                           1           0  0.41s           2026-09-25T15:24:10
================================================================================
[2026-09-25T15:24:41.004+0000] {manager.py:878} INFO - 
================================================================================
DAG File Processing Stats

File Path                                        PID    Runtime      # DAGs    # Errors  Last Runtime    Last Run
-----------------------------------------------  -----  ---------  --------  ----------  --------------  -------------------
/opt/airflow/dags/day23_conditional_pipeline.py                           1           0  0.11s           2026-09-25T15:24:41
================================================================================
[2026-09-25T15:25:11.304+0000] {manager.py:878} INFO - 
================================================================================
DAG File Processing Stats

File Path                                        PID    Runtime      # DAGs    # Errors  Last Runtime    Last Run
-----------------------------------------------  -----  ---------  --------  ----------  --------------  -------------------
/opt/airflow/dags/day23_conditional_pipeline.py                           1           0  0.21s           2026-09-25T15:25:11
================================================================================
[2026-09-25T15:25:41.610+0000] {manager.py:878} INFO - 
================================================================================
DAG File Processing Stats

File Path                                        PID    Runtime      # DAGs    # Errors  Last Runtime    Last Run
-----------------------------------------------  -----  ---------  --------  ----------  --------------  -------------------
/opt/airflow/dags/day23_conditional_pipeline.py                           1           0  0.21s           2026-09-25T15:25:41
================================================================================
[2026-09-25T15:26:11.804+0000] {manager.py:878} INFO - 
================================================================================
DAG File Processing Stats

File Path                                        PID    Runtime      # DAGs    # Errors  Last Runtime    Last Run
-----------------------------------------------  -----  ---------  --------  ----------  --------------  -------------------
/opt/airflow/dags/day23_conditional_pipeline.py                           1           0  0.12s           2026-09-25T15:26:11
================================================================================
[2026-09-25T15:26:42.149+0000] {manager.py:878} INFO - 
================================================================================
DAG File Processing Stats

File Path                                        PID    Runtime      # DAGs    # Errors  Last Runtime    Last Run
-----------------------------------------------  -----  ---------  --------  ----------  --------------  -------------------
/opt/airflow/dags/day23_conditional_pipeline.py                           1           0  0.11s           2026-09-25T15:26:42
================================================================================
[2026-09-25T15:27:12.422+0000] {manager.py:878} INFO - 
================================================================================
DAG File Processing Stats

File Path                                        PID    Runtime      # DAGs    # Errors  Last Runtime    Last Run
-----------------------------------------------  -----  ---------  --------  ----------  --------------  -------------------
/opt/airflow/dags/day23_conditional_pipeline.py                           1           0  0.21s           2026-09-25T15:27:12
================================================================================
[2026-09-25T15:27:42.604+0000] {manager.py:878} INFO - 
================================================================================
DAG File Processing Stats

File Path                                        PID    Runtime      # DAGs    # Errors  Last Runtime    Last Run
-----------------------------------------------  -----  ---------  --------  ----------  --------------  -------------------
/opt/airflow/dags/day23_conditional_pipeline.py                           1           0  0.12s           2026-09-25T15:27:42
================================================================================
[2026-09-25T15:28:12.881+0000] {manager.py:878} INFO - 
================================================================================
DAG File Processing Stats

File Path                                        PID    Runtime      # DAGs    # Errors  Last Runtime    Last Run
-----------------------------------------------  -----  ---------  --------  ----------  --------------  -------------------
/opt/airflow/dags/day23_conditional_pipeline.py                           1           0  0.21s           2026-09-25T15:28:12
================================================================================
[2026-09-25T15:28:43.154+0000] {manager.py:878} INFO - 
================================================================================
DAG File Processing Stats

File Path                                        PID    Runtime      # DAGs    # Errors  Last Runtime    Last Run
-----------------------------------------------  -----  ---------  --------  ----------  --------------  -------------------
/opt/airflow/dags/day23_conditional_pipeline.py                           1           0  0.21s           2026-09-25T15:28:43
================================================================================
[2026-09-25T15:29:10.971+0000] {manager.py:737} INFO - Searching for files in /opt/airflow/dags
[2026-09-25T15:29:10.991+0000] {manager.py:740} INFO - There are 1 files in /opt/airflow/dags
